---------------------ERRORS---------------------
[Line 8] Error: Non-void function 'main' does not return a value

---------------------Unused Symbols---------------------
Symbol 'main' of type 'int' declared at line 1 and not used
Symbol 'i' of type 'int' declared at line 4 and not used
Symbol 'j' of type 'int' declared at line 6 and not used
